// Jest Snapshot v1, https://goo.gl/fbAQLP

exports[`App renders component 1`] = `
<div
  class="albums-container"
>
  <div
    class="search"
  >
    <input
      class="searchInput"
      placeholder="Search Album..."
      value=""
    />
  </div>
  <div
    class="albums"
  >
    <div
      class="card"
    >
      <img
        alt="Life After Death"
        src="https://is2-ssl.mzstatic.com/image/thumb/Music112/v4/5d/1b/af/5d1baf4a-496c-be36-b5c1-ba5bcea1c2c0/22UMGIM57228.rgb.jpg/170x170bb.png"
      />
      <div
        class="name"
      >
        <h3
          class="searchResult"
        >
          Life After Death
        </h3>
      </div>
      <div
        class="propContainer"
      >
        <div
          class="props"
        >
          <div
            class="value"
          >
            Life After Death - TobyMac
          </div>
        </div>
        <div
          class="props"
        >
          <div
            class="label"
          >
            Price
          </div>
          <div
            class="value"
          >
            $10.99
          </div>
        </div>
      </div>
      <div
        class="favourite"
      >
        <div
          class=""
        >
          Mark
           Favourite
        </div>
        <div>
          <svg
            aria-hidden="true"
            class="svg-inline--fa fa-heart favouriteIcon"
            color="white"
            data-icon="heart"
            data-prefix="fas"
            focusable="false"
            role="img"
            viewBox="0 0 512 512"
            xmlns="http://www.w3.org/2000/svg"
          >
            <path
              d="M0 190.9V185.1C0 115.2 50.52 55.58 119.4 44.1C164.1 36.51 211.4 51.37 244 84.02L256 96L267.1 84.02C300.6 51.37 347 36.51 392.6 44.1C461.5 55.58 512 115.2 512 185.1V190.9C512 232.4 494.8 272.1 464.4 300.4L283.7 469.1C276.2 476.1 266.3 480 256 480C245.7 480 235.8 476.1 228.3 469.1L47.59 300.4C17.23 272.1 .0003 232.4 .0003 190.9L0 190.9z"
              fill="currentColor"
            />
          </svg>
        </div>
      </div>
    </div>
    <div
      class="card"
    >
      <img
        alt="Viva Las Vengeance"
        src="https://is5-ssl.mzstatic.com/image/thumb/Music112/v4/bc/49/c6/bc49c6b9-9a12-dd6c-ac50-e4409cf8a094/075679762108.jpg/170x170bb.png"
      />
      <div
        class="name"
      >
        <h3
          class="searchResult"
        >
          Viva Las Vengeance
        </h3>
      </div>
      <div
        class="propContainer"
      >
        <div
          class="props"
        >
          <div
            class="value"
          >
            Viva Las Vengeance - Panic! At the Disco
          </div>
        </div>
        <div
          class="props"
        >
          <div
            class="label"
          >
            Price
          </div>
          <div
            class="value"
          >
            $9.99
          </div>
        </div>
      </div>
      <div
        class="favourite"
      >
        <div
          class=""
        >
          Mark
           Favourite
        </div>
        <div>
          <svg
            aria-hidden="true"
            class="svg-inline--fa fa-heart favouriteIcon"
            color="white"
            data-icon="heart"
            data-prefix="fas"
            focusable="false"
            role="img"
            viewBox="0 0 512 512"
            xmlns="http://www.w3.org/2000/svg"
          >
            <path
              d="M0 190.9V185.1C0 115.2 50.52 55.58 119.4 44.1C164.1 36.51 211.4 51.37 244 84.02L256 96L267.1 84.02C300.6 51.37 347 36.51 392.6 44.1C461.5 55.58 512 115.2 512 185.1V190.9C512 232.4 494.8 272.1 464.4 300.4L283.7 469.1C276.2 476.1 266.3 480 256 480C245.7 480 235.8 476.1 228.3 469.1L47.59 300.4C17.23 272.1 .0003 232.4 .0003 190.9L0 190.9z"
              fill="currentColor"
            />
          </svg>
        </div>
      </div>
    </div>
    <div
      class="card"
    >
      <img
        alt="Finally Enough Love: 50 Number Ones (2022 Remasters)"
        src="https://is1-ssl.mzstatic.com/image/thumb/Music126/v4/f8/70/c2/f870c27d-81f3-08b7-f66d-b7dc3ffe6a1f/603497839797.jpg/170x170bb.png"
      />
      <div
        class="name"
      >
        <h3
          class="searchResult"
        >
          Finally Enough Love: 50 Number Ones (2022 Remasters)
        </h3>
      </div>
      <div
        class="propContainer"
      >
        <div
          class="props"
        >
          <div
            class="value"
          >
            Finally Enough Love: 50 Number Ones (2022 Remasters) - Madonna
          </div>
        </div>
        <div
          class="props"
        >
          <div
            class="label"
          >
            Price
          </div>
          <div
            class="value"
          >
            $24.99
          </div>
        </div>
      </div>
      <div
        class="favourite"
      >
        <div
          class=""
        >
          Mark
           Favourite
        </div>
        <div>
          <svg
            aria-hidden="true"
            class="svg-inline--fa fa-heart favouriteIcon"
            color="white"
            data-icon="heart"
            data-prefix="fas"
            focusable="false"
            role="img"
            viewBox="0 0 512 512"
            xmlns="http://www.w3.org/2000/svg"
          >
            <path
              d="M0 190.9V185.1C0 115.2 50.52 55.58 119.4 44.1C164.1 36.51 211.4 51.37 244 84.02L256 96L267.1 84.02C300.6 51.37 347 36.51 392.6 44.1C461.5 55.58 512 115.2 512 185.1V190.9C512 232.4 494.8 272.1 464.4 300.4L283.7 469.1C276.2 476.1 266.3 480 256 480C245.7 480 235.8 476.1 228.3 469.1L47.59 300.4C17.23 272.1 .0003 232.4 .0003 190.9L0 190.9z"
              fill="currentColor"
            />
          </svg>
        </div>
      </div>
    </div>
    <div
      class="card"
    >
      <img
        alt="& - EP"
        src="https://is4-ssl.mzstatic.com/image/thumb/Music126/v4/88/ba/eb/88baebfa-1338-f4c4-e9ab-a86877a2b763/20UMGIM88356.rgb.jpg/170x170bb.png"
      />
      <div
        class="name"
      >
        <h3
          class="searchResult"
        >
          & - EP
        </h3>
      </div>
      <div
        class="propContainer"
      >
        <div
          class="props"
        >
          <div
            class="value"
          >
            & - EP - Eric Church
          </div>
        </div>
        <div
          class="props"
        >
          <div
            class="label"
          >
            Price
          </div>
          <div
            class="value"
          >
            $6.99
          </div>
        </div>
      </div>
      <div
        class="favourite"
      >
        <div
          class=""
        >
          Mark
           Favourite
        </div>
        <div>
          <svg
            aria-hidden="true"
            class="svg-inline--fa fa-heart favouriteIcon"
            color="white"
            data-icon="heart"
            data-prefix="fas"
            focusable="false"
            role="img"
            viewBox="0 0 512 512"
            xmlns="http://www.w3.org/2000/svg"
          >
            <path
              d="M0 190.9V185.1C0 115.2 50.52 55.58 119.4 44.1C164.1 36.51 211.4 51.37 244 84.02L256 96L267.1 84.02C300.6 51.37 347 36.51 392.6 44.1C461.5 55.58 512 115.2 512 185.1V190.9C512 232.4 494.8 272.1 464.4 300.4L283.7 469.1C276.2 476.1 266.3 480 256 480C245.7 480 235.8 476.1 228.3 469.1L47.59 300.4C17.23 272.1 .0003 232.4 .0003 190.9L0 190.9z"
              fill="currentColor"
            />
          </svg>
        </div>
      </div>
    </div>
  </div>
</div>
`;
